15:05:39 **** Incremental Build of configuration Debug for project Light_DataLog ****
make -j16 all 
arm-none-eabi-gcc "../Core/Src/main.c" -mcpu=cortex-m4 -std=gnu11 -g3 -DDEBUG -DUSE_HAL_DRIVER -DSTM32L476xx -c -I../Core/Inc -I../Drivers/STM32L4xx_HAL_Driver/Inc -I../Drivers/STM32L4xx_HAL_Driver/Inc/Legacy -I../Drivers/CMSIS/Device/ST/STM32L4xx/Include -I../Drivers/CMSIS/Include -O0 -ffunction-sections -fdata-sections -Wall -fstack-usage -fcyclomatic-complexity -MMD -MP -MF"Core/Src/main.d" -MT"Core/Src/main.o" --specs=nano.specs -mfpu=fpv4-sp-d16 -mfloat-abi=hard -mthumb -o "Core/Src/main.o"
arm-none-eabi-gcc -o "Light_DataLog.elf" @"objects.list"   -mcpu=cortex-m4 -T"D:\Demo_STM32\Light_DataLog\STM32L476RGTX_FLASH.ld" --specs=nosys.specs -Wl,-Map="Light_DataLog.map" -Wl,--gc-sections -static --specs=nano.specs -mfpu=fpv4-sp-d16 -mfloat-abi=hard -mthumb -u _printf_float -Wl,--start-group -lc -lm -Wl,--end-group
Finished building target: Light_DataLog.elf
 
arm-none-eabi-size  Light_DataLog.elf 
arm-none-eabi-objdump -h -S Light_DataLog.elf  > "Light_DataLog.list"
   text	   data	    bss	    dec	    hex	filename
  31040	    468	   3156	  34664	   8768	Light_DataLog.elf
Finished building: default.size.stdout
 
Finished building: Light_DataLog.list
 

15:05:41 Build Finished. 0 errors, 0 warnings. (took 2s.111ms)

